---
source: crates/wat-core/tests/lexer.rs
expression: "toks(r#\"echo \"hello world\" | grep h > out.txt && cat out.txt\"#)"
---
[
    Word(
        "echo",
    ),
    Word(
        "\u{4}hello world\u{4}",
    ),
    Pipe,
    Word(
        "grep",
    ),
    Word(
        "h",
    ),
    RedirectOut,
    Word(
        "out.txt",
    ),
    And,
    Word(
        "cat",
    ),
    Word(
        "out.txt",
    ),
    Eof,
]
