---
source: crates/wat-core/tests/parser.rs
expression: "parse(\"cat < in.txt\").unwrap()"
---
List(
    [
        (
            Pipeline(
                [
                    Command {
                        assignments: [],
                        name: "cat",
                        args: [],
                        redirects: [
                            In(
                                "in.txt",
                            ),
                        ],
                    },
                ],
            ),
            End,
        ),
    ],
)
