---
source: crates/wat-core/tests/parser.rs
expression: "parse(\"a || b\").unwrap()"
---
List(
    [
        (
            Pipeline(
                [
                    Command {
                        assignments: [],
                        name: "a",
                        args: [],
                        redirects: [],
                    },
                ],
            ),
            Or,
        ),
        (
            Pipeline(
                [
                    Command {
                        assignments: [],
                        name: "b",
                        args: [],
                        redirects: [],
                    },
                ],
            ),
            End,
        ),
    ],
)
