---
source: crates/wat-core/tests/parser.rs
expression: "parse(\"echo hello\").unwrap()"
---
List(
    [
        (
            Pipeline(
                [
                    Simple(
                        SimpleCommand {
                            assignments: [],
                            name: "echo",
                            args: [
                                "hello",
                            ],
                            redirects: [],
                        },
                    ),
                ],
            ),
            End,
        ),
    ],
)
