---
source: crates/wat-core/tests/parser.rs
expression: "parse(\"cmd < in.txt > out.txt\").unwrap()"
---
List(
    [
        (
            Pipeline(
                [
                    Command {
                        name: "cmd",
                        args: [],
                        redirects: [
                            In(
                                "in.txt",
                            ),
                            Out(
                                "out.txt",
                            ),
                        ],
                    },
                ],
            ),
            End,
        ),
    ],
)
