---
source: crates/wat-core/tests/parser.rs
expression: "parse(\"a || b\").unwrap()"
---
List(
    [
        (
            Pipeline(
                [
                    Simple(
                        SimpleCommand {
                            assignments: [],
                            name: "a",
                            args: [],
                            redirects: [],
                        },
                    ),
                ],
            ),
            Or,
        ),
        (
            Pipeline(
                [
                    Simple(
                        SimpleCommand {
                            assignments: [],
                            name: "b",
                            args: [],
                            redirects: [],
                        },
                    ),
                ],
            ),
            End,
        ),
    ],
)
