---
source: crates/wat-core/tests/parser.rs
expression: "parse(r#\"echo \"hello world\" | grep h > out.txt && cat out.txt\"#).unwrap()"
---
List(
    [
        (
            Pipeline(
                [
                    Command {
                        assignments: [],
                        name: "echo",
                        args: [
                            "hello world",
                        ],
                        redirects: [],
                    },
                    Command {
                        assignments: [],
                        name: "grep",
                        args: [
                            "h",
                        ],
                        redirects: [
                            Out(
                                "out.txt",
                            ),
                        ],
                    },
                ],
            ),
            And,
        ),
        (
            Pipeline(
                [
                    Command {
                        assignments: [],
                        name: "cat",
                        args: [
                            "out.txt",
                        ],
                        redirects: [],
                    },
                ],
            ),
            End,
        ),
    ],
)
