---
source: crates/wat-core/tests/parser.rs
expression: "parse(\"ls | grep foo\").unwrap()"
---
List(
    [
        (
            Pipeline(
                [
                    Command {
                        assignments: [],
                        name: "ls",
                        args: [],
                        redirects: [],
                    },
                    Command {
                        assignments: [],
                        name: "grep",
                        args: [
                            "foo",
                        ],
                        redirects: [],
                    },
                ],
            ),
            End,
        ),
    ],
)
